// Jest Snapshot v1, https://goo.gl/fbAQLP

exports[`SmartImage should render correctly 1`] = `
<div
  className="atm-image atm-overflow atm-responsive"
  style={null}
>
  <div
    className="jsx-151239249 atm-sizer atm-placeholder"
  />
  <div
    className="atm-loader atm-loader-small atm-loader-center"
  >
    <span />
    <span />
    <span />
    <span />
    <span />
  </div>
</div>
`;
